// Jest Snapshot v1, https://goo.gl/fbAQLP

exports[`renders without crashing 1`] = `
Object {
  "asFragment": [Function],
  "baseElement": <body>
    <div>
      <div
        class="calculus"
      >
        <div
          class="display"
        >
          0
        </div>
        <div
          class="All"
        >
          <div
            class="row-1"
          >
            <button
              type="button"
            >
              C
            </button>
            <button
              type="button"
            >
              +/-
            </button>
            <button
              type="button"
            >
              %
            </button>
            <button
              class="orange"
              type="button"
            >
               รท
            </button>
          </div>
          <div
            class="row-2"
          >
            <button
              type="button"
            >
              7
            </button>
            <button
              type="button"
            >
              8
            </button>
            <button
              type="button"
            >
              9
            </button>
            <button
              class="orange"
              type="button"
            >
              x
            </button>
          </div>
          <div
            class="row-3"
          >
            <button
              type="button"
            >
              4
            </button>
            <button
              type="button"
            >
              5
            </button>
            <button
              type="button"
            >
              6
            </button>
            <button
              class="orange"
              type="button"
            >
              -
            </button>
          </div>
          <div
            class="row-4"
          >
            <button
              type="button"
            >
              1
            </button>
            <button
              type="button"
            >
              2
            </button>
            <button
              type="button"
            >
              3
            </button>
            <button
              class="orange"
              type="button"
            >
              +
            </button>
          </div>
          <div
            class="point"
          >
            <button
              class="zero"
              type="button"
            >
              0
            </button>
            <button
              class="dot"
              type="button"
            >
              .
            </button>
            <button
              class="orange"
              type="button"
            >
              =
            </button>
          </div>
        </div>
      </div>
    </div>
  </body>,
  "container": <div>
    <div
      class="calculus"
    >
      <div
        class="display"
      >
        0
      </div>
      <div
        class="All"
      >
        <div
          class="row-1"
        >
          <button
            type="button"
          >
            C
          </button>
          <button
            type="button"
          >
            +/-
          </button>
          <button
            type="button"
          >
            %
          </button>
          <button
            class="orange"
            type="button"
          >
             รท
          </button>
        </div>
        <div
          class="row-2"
        >
          <button
            type="button"
          >
            7
          </button>
          <button
            type="button"
          >
            8
          </button>
          <button
            type="button"
          >
            9
          </button>
          <button
            class="orange"
            type="button"
          >
            x
          </button>
        </div>
        <div
          class="row-3"
        >
          <button
            type="button"
          >
            4
          </button>
          <button
            type="button"
          >
            5
          </button>
          <button
            type="button"
          >
            6
          </button>
          <button
            class="orange"
            type="button"
          >
            -
          </button>
        </div>
        <div
          class="row-4"
        >
          <button
            type="button"
          >
            1
          </button>
          <button
            type="button"
          >
            2
          </button>
          <button
            type="button"
          >
            3
          </button>
          <button
            class="orange"
            type="button"
          >
            +
          </button>
        </div>
        <div
          class="point"
        >
          <button
            class="zero"
            type="button"
          >
            0
          </button>
          <button
            class="dot"
            type="button"
          >
            .
          </button>
          <button
            class="orange"
            type="button"
          >
            =
          </button>
        </div>
      </div>
    </div>
  </div>,
  "debug": [Function],
  "findAllByAltText": [Function],
  "findAllByDisplayValue": [Function],
  "findAllByLabelText": [Function],
  "findAllByPlaceholderText": [Function],
  "findAllByRole": [Function],
  "findAllByTestId": [Function],
  "findAllByText": [Function],
  "findAllByTitle": [Function],
  "findByAltText": [Function],
  "findByDisplayValue": [Function],
  "findByLabelText": [Function],
  "findByPlaceholderText": [Function],
  "findByRole": [Function],
  "findByTestId": [Function],
  "findByText": [Function],
  "findByTitle": [Function],
  "getAllByAltText": [Function],
  "getAllByDisplayValue": [Function],
  "getAllByLabelText": [Function],
  "getAllByPlaceholderText": [Function],
  "getAllByRole": [Function],
  "getAllByTestId": [Function],
  "getAllByText": [Function],
  "getAllByTitle": [Function],
  "getByAltText": [Function],
  "getByDisplayValue": [Function],
  "getByLabelText": [Function],
  "getByPlaceholderText": [Function],
  "getByRole": [Function],
  "getByTestId": [Function],
  "getByText": [Function],
  "getByTitle": [Function],
  "queryAllByAltText": [Function],
  "queryAllByDisplayValue": [Function],
  "queryAllByLabelText": [Function],
  "queryAllByPlaceholderText": [Function],
  "queryAllByRole": [Function],
  "queryAllByTestId": [Function],
  "queryAllByText": [Function],
  "queryAllByTitle": [Function],
  "queryByAltText": [Function],
  "queryByDisplayValue": [Function],
  "queryByLabelText": [Function],
  "queryByPlaceholderText": [Function],
  "queryByRole": [Function],
  "queryByTestId": [Function],
  "queryByText": [Function],
  "queryByTitle": [Function],
  "rerender": [Function],
  "unmount": [Function],
}
`;
